18:54:49 **** Build of configuration Debug for project Blinky_Led2 ****
make -j8 all 
arm-none-eabi-gcc "../Core/Src/main.c" -mcpu=cortex-m4 -std=gnu11 -g3 -DDEBUG -DUSE_HAL_DRIVER -DSTM32F401xE -c -I../Core/Inc -I../Drivers/STM32F4xx_HAL_Driver/Inc -I../Drivers/STM32F4xx_HAL_Driver/Inc/Legacy -I../Drivers/CMSIS/Device/ST/STM32F4xx/Include -I../Drivers/CMSIS/Include -O0 -ffunction-sections -fdata-sections -Wall -fstack-usage -fcyclomatic-complexity -MMD -MP -MF"Core/Src/main.d" -MT"Core/Src/main.o" --specs=nano.specs -mfpu=fpv4-sp-d16 -mfloat-abi=hard -mthumb -o "Core/Src/main.o"
arm-none-eabi-gcc -o "Blinky_Led2.elf" @"objects.list"   -mcpu=cortex-m4 -T"C:\Users\maxvega\Documents\UCA\Microcontroladores II\DSP\Sources\Blinky_Led2\STM32F401RETX_FLASH.ld" --specs=nosys.specs -Wl,-Map="Blinky_Led2.map" -Wl,--gc-sections -static --specs=nano.specs -mfpu=fpv4-sp-d16 -mfloat-abi=hard -mthumb -Wl,--start-group -lc -lm -Wl,--end-group
Finished building target: Blinky_Led2.elf
 
arm-none-eabi-size  Blinky_Led2.elf 
arm-none-eabi-objdump -h -S Blinky_Led2.elf  > "Blinky_Led2.list"
   text	   data	    bss	    dec	    hex	filename
   5656	     20	   1572	   7248	   1c50	Blinky_Led2.elf
Finished building: default.size.stdout
 
Finished building: Blinky_Led2.list
 

18:54:50 Build Finished. 0 errors, 0 warnings. (took 760ms)

