18:50:23 **** Build of configuration Debug for project Blinky_Led_TIM ****
make -j8 all 
arm-none-eabi-gcc "../Core/Src/main.c" -mcpu=cortex-m4 -std=gnu11 -g3 -DDEBUG -DUSE_HAL_DRIVER -DSTM32F401xE -c -I../Core/Inc -I../Drivers/STM32F4xx_HAL_Driver/Inc -I../Drivers/STM32F4xx_HAL_Driver/Inc/Legacy -I../Drivers/CMSIS/Device/ST/STM32F4xx/Include -I../Drivers/CMSIS/Include -O0 -ffunction-sections -fdata-sections -Wall -fstack-usage -fcyclomatic-complexity -MMD -MP -MF"Core/Src/main.d" -MT"Core/Src/main.o" --specs=nano.specs -mfpu=fpv4-sp-d16 -mfloat-abi=hard -mthumb -o "Core/Src/main.o"
arm-none-eabi-gcc -o "Blinky_Led_TIM.elf" @"objects.list"   -mcpu=cortex-m4 -T"C:\Users\maxvega\Documents\UCA\Microcontroladores II\DSP\Sources\Blinky_Led_TIM\STM32F401RETX_FLASH.ld" --specs=nosys.specs -Wl,-Map="Blinky_Led_TIM.map" -Wl,--gc-sections -static --specs=nano.specs -mfpu=fpv4-sp-d16 -mfloat-abi=hard -mthumb -Wl,--start-group -lc -lm -Wl,--end-group
Finished building target: Blinky_Led_TIM.elf
 
arm-none-eabi-size  Blinky_Led_TIM.elf 
arm-none-eabi-objdump -h -S Blinky_Led_TIM.elf  > "Blinky_Led_TIM.list"
   text	   data	    bss	    dec	    hex	filename
   8764	     20	   1644	  10428	   28bc	Blinky_Led_TIM.elf
Finished building: default.size.stdout
 
Finished building: Blinky_Led_TIM.list
 
